Godot Engine v4.7.1.stable.official.a13da4feb - https://godotengine.org

DebugOverlay _ready appelé
Panel : Panel:<Panel#61991814750>
---  GUT  ---
[INFO]:  using [C:/Users/paolo/AppData/Roaming/Godot/app_userdata/Dungeon Draft v2] for temporary output.
Godot version:  4.7.1
GUT version:  9.7.1


res://test/unit/test_skill_tree_consultation_ui.gd
* test_visual_presentation_covers_all_five_player_states
* test_status_button_tracks_elf_archer_and_ignores_other_signals
* test_structured_tooltip_lists_four_disciplines_and_named_path
* test_consultative_screen_builds_real_graph_without_mutation
* test_ui_cancel_closes_screen_without_awarding_xp
* test_persistent_run_ui_uses_refined_dock_and_restores_combat_controls
* test_lab_scene_exposes_requested_graybox_states
7/7 passed.


res://test/unit/test_skill_tree_refined_multi_character.gd
* test_eight_characters_use_hud_identity_and_only_real_branches
* test_branch_navigation_exposes_rank_xp_next_threshold_and_path
* test_nodes_and_detail_distinguish_acquired_available_excluded_and_future
* test_existing_selection_flow_updates_immediately_without_screen_mutation
* test_four_stable_zones_fit_three_resolutions_for_all_characters
* test_keyboard_shortcut_closes_and_focus_navigation_is_available
6/6 passed.


res://test/unit/test_skill_tree_skin_ui.gd
* test_refined_runtime_has_no_legacy_texture_reference
* test_catalog_and_generated_assets_cover_real_semantics
* test_node_scene_exposes_non_intercepting_lock_layer
* test_rank_one_reveals_only_base_next_rank_and_rank_gates
* test_next_rank_detail_is_generic_and_leaks_no_mechanics
* test_rank_two_reveals_ranks_one_two_and_only_previews_rank_three
* test_max_rank_shows_all_real_nodes_without_fake_gate
* test_next_rank_name_and_icon_flags_are_data_driven
* test_node_family_sizes_and_responsive_zones_fit_three_resolutions
* test_lab_exposes_all_seventeen_real_preview_scenarios
* test_icon_mapping_manifest_is_complete_and_machine_readable
11/11 passed.




==============================================
= Run Summary
==============================================

Totals
------
Scripts               3
Tests                24
Passing Tests        24
Asserts            1433
Time              3.328s


---- All tests passed! ----

