Godot Engine v4.7.1.stable.official.a13da4feb - https://godotengine.org
TextServer: Added interface "Dummy"
TextServer: Added interface "ICU / HarfBuzz / Graphite (Built-in)"
Using "default" pen tablet driver...

TextServer: Primary interface set to: "ICU / HarfBuzz / Graphite (Built-in)".
Loading resource: res://default_bus_layout.tres remapped: res://default_bus_layout.tres
Completed load for: 'res://default_bus_layout.tres' remapped 'res://default_bus_layout.tres' at thread -1
CORE API HASH: 3769296884
EDITOR API HASH: 3146738256
SceneTreeFTI: traversal method DEFAULT
Loading resource: C:/Users/paolo/AppData/Roaming/Godot/editor_settings-4.7.tres remapped: C:/Users/paolo/AppData/Roaming/Godot/editor_settings-4.7.tres
Completed load for: 'C:/Users/paolo/AppData/Roaming/Godot/editor_settings-4.7.tres' remapped 'C:/Users/paolo/AppData/Roaming/Godot/editor_settings-4.7.tres' at thread -1
EditorSettings: Load OK!
EditorTheme: Generating new theme for the config '3810048042'.
EditorTheme: Generating new icons.
EditorTheme: Generating new fonts.
EditorTheme: Generating new styles.
Asset Store not available (due to using Web editor, or SSL support disabled).
Loading resource: C:/Users/paolo/AppData/Local/Godot/editor_doc_cache-4.7.res remapped: C:/Users/paolo/AppData/Local/Godot/editor_doc_cache-4.7.res
MbedTLS: Some X509 certificates could not be parsed (1 certificates skipped).
Loaded system CA certificates
Completed load for: 'C:/Users/paolo/AppData/Local/Godot/editor_doc_cache-4.7.res' remapped 'C:/Users/paolo/AppData/Local/Godot/editor_doc_cache-4.7.res' at thread -1
[   0% ] first_scan_filesystem | Started Initialisation du projet (5 steps)
[   0% ] first_scan_filesystem | Analyse de la structure des fichiers…
[  16% ] first_scan_filesystem | Chargement des noms des classes globales…
[  33% ] first_scan_filesystem | Vérification des GDExtensions…
[  50% ] first_scan_filesystem | Création des scripts de chargement automatique…
Loading resource: res://debug/debug_logger.gd remapped: res://debug/debug_logger.gd
Completed load for: 'res://debug/debug_logger.gd' remapped 'res://debug/debug_logger.gd' at thread -1
Loading resource: res://core/event_bus.gd remapped: res://core/event_bus.gd
Completed load for: 'res://core/event_bus.gd' remapped 'res://core/event_bus.gd' at thread -1
Loading resource: res://core/combat_logger.gd remapped: res://core/combat_logger.gd
Completed load for: 'res://core/combat_logger.gd' remapped 'res://core/combat_logger.gd' at thread -1
Loading resource: res://debug/DebugOverlay.tscn remapped: res://debug/DebugOverlay.tscn
Loading resource: res://debug/DebugOverlay.gd remapped: res://debug/DebugOverlay.gd
Completed load for: 'res://debug/DebugOverlay.gd' remapped 'res://debug/DebugOverlay.gd' at thread -1
Completed load for: 'res://debug/DebugOverlay.tscn' remapped 'res://debug/DebugOverlay.tscn' at thread -1
Loading resource: res://core/game_manager.gd remapped: res://core/game_manager.gd
Loading resource: res://ui/run/PersistentRunUI.tscn remapped: res://ui/run/PersistentRunUI.tscn
Loading resource: res://ui/run/persistent_run_ui.gd remapped: res://ui/run/persistent_run_ui.gd
Loading resource: res://ui/progression/components/skill_tree_effect_glyph.tscn remapped: res://ui/progression/components/skill_tree_effect_glyph.tscn
Loading resource: res://ui/progression/theme/skill_tree_graybox_theme.tres remapped: res://ui/progression/theme/skill_tree_graybox_theme.tres
Completed load for: 'res://ui/progression/theme/skill_tree_graybox_theme.tres' remapped 'res://ui/progression/theme/skill_tree_graybox_theme.tres' at thread -1
Completed load for: 'res://ui/progression/components/skill_tree_effect_glyph.tscn' remapped 'res://ui/progression/components/skill_tree_effect_glyph.tscn' at thread -1
Loading resource: res://ui/progression/components/skill_tree_discipline_tab.tscn remapped: res://ui/progression/components/skill_tree_discipline_tab.tscn
Loading resource: res://ui/progression/components/skill_tree_discipline_tab.gd remapped: res://ui/progression/components/skill_tree_discipline_tab.gd
Completed load for: 'res://ui/progression/components/skill_tree_discipline_tab.gd' remapped 'res://ui/progression/components/skill_tree_discipline_tab.gd' at thread -1
Completed load for: 'res://ui/progression/components/skill_tree_discipline_tab.tscn' remapped 'res://ui/progression/components/skill_tree_discipline_tab.tscn' at thread -1
Loading resource: res://ui/progression/components/skill_tree_node_view.tscn remapped: res://ui/progression/components/skill_tree_node_view.tscn
Loading resource: res://ui/progression/components/skill_tree_node_view.gd remapped: res://ui/progression/components/skill_tree_node_view.gd
Completed load for: 'res://ui/progression/components/skill_tree_node_view.gd' remapped 'res://ui/progression/components/skill_tree_node_view.gd' at thread -1
Completed load for: 'res://ui/progression/components/skill_tree_node_view.tscn' remapped 'res://ui/progression/components/skill_tree_node_view.tscn' at thread -1
Loading resource: res://data/ui/elf_hud_theme_refined.tres remapped: res://data/ui/elf_hud_theme_refined.tres
Loading resource: res://asset/ui/character_hud/refined/hunter_badge.png remapped: res://asset/ui/character_hud/refined/hunter_badge.png
Loading resource: res://.godot/imported/hunter_badge.png-814a21c83908049c155bbe01911c9714.ctex remapped: res://.godot/imported/hunter_badge.png-814a21c83908049c155bbe01911c9714.ctex
Completed load for: 'res://asset/ui/character_hud/refined/hunter_badge.png' remapped 'res://asset/ui/character_hud/refined/hunter_badge.png' at thread -1
Loading resource: res://asset/ui/character_hud/generated/turn_intro_banner.png remapped: res://asset/ui/character_hud/generated/turn_intro_banner.png
Loading resource: res://.godot/imported/turn_intro_banner.png-a12ce09c888c21c045800abb27ded058.ctex remapped: res://.godot/imported/turn_intro_banner.png-a12ce09c888c21c045800abb27ded058.ctex
Completed load for: 'res://asset/ui/character_hud/generated/turn_intro_banner.png' remapped 'res://asset/ui/character_hud/generated/turn_intro_banner.png' at thread -1
Loading resource: res://asset/ui/character_hud/refined/spells/precise_shot.png remapped: res://asset/ui/character_hud/refined/spells/precise_shot.png
Loading resource: res://.godot/imported/precise_shot.png-fbbde3ee473196055268b790c014b5c2.ctex remapped: res://.godot/imported/precise_shot.png-fbbde3ee473196055268b790c014b5c2.ctex
Completed load for: 'res://asset/ui/character_hud/refined/spells/precise_shot.png' remapped 'res://asset/ui/character_hud/refined/spells/precise_shot.png' at thread -1
Loading resource: res://asset/ui/character_hud/refined/spells/sneak_strike.png remapped: res://asset/ui/character_hud/refined/spells/sneak_strike.png
Loading resource: res://.godot/imported/sneak_strike.png-b376518329695f0ab072dfd0b2e97150.ctex remapped: res://.godot/imported/sneak_strike.png-b376518329695f0ab072dfd0b2e97150.ctex
Completed load for: 'res://asset/ui/character_hud/refined/spells/sneak_strike.png' remapped 'res://asset/ui/character_hud/refined/spells/sneak_strike.png' at thread -1
Loading resource: res://asset/ui/character_hud/refined/spells/fireball.png remapped: res://asset/ui/character_hud/refined/spells/fireball.png
Loading resource: res://.godot/imported/fireball.png-49abe67629c88a59007f2c6b357064ea.ctex remapped: res://.godot/imported/fireball.png-49abe67629c88a59007f2c6b357064ea.ctex
Completed load for: 'res://asset/ui/character_hud/refined/spells/fireball.png' remapped 'res://asset/ui/character_hud/refined/spells/fireball.png' at thread -1
Loading resource: res://asset/ui/character_hud/refined/spells/sylvan_heal.png remapped: res://asset/ui/character_hud/refined/spells/sylvan_heal.png
Loading resource: res://.godot/imported/sylvan_heal.png-b011146775be7a0432f5c51d5a6b385f.ctex remapped: res://.godot/imported/sylvan_heal.png-b011146775be7a0432f5c51d5a6b385f.ctex
Completed load for: 'res://asset/ui/character_hud/refined/spells/sylvan_heal.png' remapped 'res://asset/ui/character_hud/refined/spells/sylvan_heal.png' at thread -1
Loading resource: res://asset/ui/character_hud/refined/spells/basic_attack.png remapped: res://asset/ui/character_hud/refined/spells/basic_attack.png
Loading resource: res://.godot/imported/basic_attack.png-df807bd2ed8c68a01bfb060dc6043be9.ctex remapped: res://.godot/imported/basic_attack.png-df807bd2ed8c68a01bfb060dc6043be9.ctex
Completed load for: 'res://asset/ui/character_hud/refined/spells/basic_attack.png' remapped 'res://asset/ui/character_hud/refined/spells/basic_attack.png' at thread -1
Loading resource: res://asset/ui/character_hud/refined/utility_inventory.png remapped: res://asset/ui/character_hud/refined/utility_inventory.png
Loading resource: res://.godot/imported/utility_inventory.png-38f481db29c98f1a1e7bc038a28a61d3.ctex remapped: res://.godot/imported/utility_inventory.png-38f481db29c98f1a1e7bc038a28a61d3.ctex
Completed load for: 'res://asset/ui/character_hud/refined/utility_inventory.png' remapped 'res://asset/ui/character_hud/refined/utility_inventory.png' at thread -1
Loading resource: res://asset/ui/character_hud/refined/utility_map.png remapped: res://asset/ui/character_hud/refined/utility_map.png
Loading resource: res://.godot/imported/utility_map.png-7e63418f76596de1a7cce62bb531221d.ctex remapped: res://.godot/imported/utility_map.png-7e63418f76596de1a7cce62bb531221d.ctex
Completed load for: 'res://asset/ui/character_hud/refined/utility_map.png' remapped 'res://asset/ui/character_hud/refined/utility_map.png' at thread -1
Loading resource: res://asset/ui/character_hud/refined/utility_skills.png remapped: res://asset/ui/character_hud/refined/utility_skills.png
Loading resource: res://.godot/imported/utility_skills.png-e935c36b9c25782b08130badde08c6fd.ctex remapped: res://.godot/imported/utility_skills.png-e935c36b9c25782b08130badde08c6fd.ctex
Completed load for: 'res://asset/ui/character_hud/refined/utility_skills.png' remapped 'res://asset/ui/character_hud/refined/utility_skills.png' at thread -1
Loading resource: res://asset/ui/character_hud/refined/move_action_icon.svg remapped: res://asset/ui/character_hud/refined/move_action_icon.svg
Loading resource: res://.godot/imported/move_action_icon.svg-af19ca37b6d05be571631606b6487b72.ctex remapped: res://.godot/imported/move_action_icon.svg-af19ca37b6d05be571631606b6487b72.ctex
Completed load for: 'res://asset/ui/character_hud/refined/move_action_icon.svg' remapped 'res://asset/ui/character_hud/refined/move_action_icon.svg' at thread -1
Completed load for: 'res://data/ui/elf_hud_theme_refined.tres' remapped 'res://data/ui/elf_hud_theme_refined.tres' at thread -1
Loading resource: res://data/ui/mage_hud_theme_refined.tres remapped: res://data/ui/mage_hud_theme_refined.tres
Loading resource: res://asset/ui/character_hud/generated/spell_icon_r06_c04.png remapped: res://asset/ui/character_hud/generated/spell_icon_r06_c04.png
Loading resource: res://.godot/imported/spell_icon_r06_c04.png-36ca0651b9450ac1e6e9e452d843fefc.ctex remapped: res://.godot/imported/spell_icon_r06_c04.png-36ca0651b9450ac1e6e9e452d843fefc.ctex
Completed load for: 'res://asset/ui/character_hud/generated/spell_icon_r06_c04.png' remapped 'res://asset/ui/character_hud/generated/spell_icon_r06_c04.png' at thread -1
Loading resource: res://asset/icone/boule de feu.png remapped: res://asset/icone/boule de feu.png
Loading resource: res://.godot/imported/boule de feu.png-7a49b079660dc4778bdae26ce0c91bb3.ctex remapped: res://.godot/imported/boule de feu.png-7a49b079660dc4778bdae26ce0c91bb3.ctex
Completed load for: 'res://asset/icone/boule de feu.png' remapped 'res://asset/icone/boule de feu.png' at thread -1
Loading resource: res://asset/ui/character_hud/generated/spell_icon_r08_c01.png remapped: res://asset/ui/character_hud/generated/spell_icon_r08_c01.png
Loading resource: res://.godot/imported/spell_icon_r08_c01.png-fe0753098237256b97ad7c0bdfde8c07.ctex remapped: res://.godot/imported/spell_icon_r08_c01.png-fe0753098237256b97ad7c0bdfde8c07.ctex
Completed load for: 'res://asset/ui/character_hud/generated/spell_icon_r08_c01.png' remapped 'res://asset/ui/character_hud/generated/spell_icon_r08_c01.png' at thread -1
Loading resource: res://asset/sorts/tempete_orageuse/tex_storm_lightning_cluster.png.png remapped: res://asset/sorts/tempete_orageuse/tex_storm_lightning_cluster.png.png
Loading resource: res://.godot/imported/tex_storm_lightning_cluster.png.png-1b00aaa2a4166b54e8b216d5afadf6e0.ctex remapped: res://.godot/imported/tex_storm_lightning_cluster.png.png-1b00aaa2a4166b54e8b216d5afadf6e0.ctex
Completed load for: 'res://asset/sorts/tempete_orageuse/tex_storm_lightning_cluster.png.png' remapped 'res://asset/sorts/tempete_orageuse/tex_storm_lightning_cluster.png.png' at thread -1
Loading resource: res://asset/ui/character_hud/generated/spell_icon_r06_c01.png remapped: res://asset/ui/character_hud/generated/spell_icon_r06_c01.png
Loading resource: res://.godot/imported/spell_icon_r06_c01.png-f2ceb0a35a4d74cfed109cb2478e6438.ctex remapped: res://.godot/imported/spell_icon_r06_c01.png-f2ceb0a35a4d74cfed109cb2478e6438.ctex
Completed load for: 'res://asset/ui/character_hud/generated/spell_icon_r06_c01.png' remapped 'res://asset/ui/character_hud/generated/spell_icon_r06_c01.png' at thread -1
Loading resource: res://asset/ui/character_hud/generated/spell_icon_r05_c03.png remapped: res://asset/ui/character_hud/generated/spell_icon_r05_c03.png
Loading resource: res://.godot/imported/spell_icon_r05_c03.png-f83219a566a5f13536252d0ef953d52d.ctex remapped: res://.godot/imported/spell_icon_r05_c03.png-f83219a566a5f13536252d0ef953d52d.ctex
Completed load for: 'res://asset/ui/character_hud/generated/spell_icon_r05_c03.png' remapped 'res://asset/ui/character_hud/generated/spell_icon_r05_c03.png' at thread -1
Completed load for: 'res://data/ui/mage_hud_theme_refined.tres' remapped 'res://data/ui/mage_hud_theme_refined.tres' at thread -1
Loading resource: res://data/ui/guardian_hud_theme_refined.tres remapped: res://data/ui/guardian_hud_theme_refined.tres
Loading resource: res://asset/ui/character_hud/generated/spell_icon_r07_c00.png remapped: res://asset/ui/character_hud/generated/spell_icon_r07_c00.png
Loading resource: res://.godot/imported/spell_icon_r07_c00.png-57556b15acc9ce71c3e9e303b7641f2b.ctex remapped: res://.godot/imported/spell_icon_r07_c00.png-57556b15acc9ce71c3e9e303b7641f2b.ctex
Completed load for: 'res://asset/ui/character_hud/generated/spell_icon_r07_c00.png' remapped 'res://asset/ui/character_hud/generated/spell_icon_r07_c00.png' at thread -1
Loading resource: res://asset/personnage/alliés/500.png remapped: res://asset/personnage/alliés/500.png
Loading resource: res://.godot/imported/500.png-a7b74a000323778c57eb9cbe96837795.ctex remapped: res://.godot/imported/500.png-a7b74a000323778c57eb9cbe96837795.ctex
Completed load for: 'res://asset/personnage/alliés/500.png' remapped 'res://asset/personnage/alliés/500.png' at thread -1
Loading resource: res://asset/icone/icone spell.png_11.png remapped: res://asset/icone/icone spell.png_11.png
Loading resource: res://.godot/imported/icone spell.png_11.png-9d489c654ab8ab3161e47f06aa6d6a92.ctex remapped: res://.godot/imported/icone spell.png_11.png-9d489c654ab8ab3161e47f06aa6d6a92.ctex
Completed load for: 'res://asset/icone/icone spell.png_11.png' remapped 'res://asset/icone/icone spell.png_11.png' at thread -1
Loading resource: res://asset/ui/character_hud/generated/spell_icon_r04_c04.png remapped: res://asset/ui/character_hud/generated/spell_icon_r04_c04.png
Loading resource: res://.godot/imported/spell_icon_r04_c04.png-f6edd0980d7e948e1ed8439a51708310.ctex remapped: res://.godot/imported/spell_icon_r04_c04.png-f6edd0980d7e948e1ed8439a51708310.ctex
Completed load for: 'res://asset/ui/character_hud/generated/spell_icon_r04_c04.png' remapped 'res://asset/ui/character_hud/generated/spell_icon_r04_c04.png' at thread -1
Loading resource: res://asset/ui/character_hud/generated/spell_icon_r03_c03.png remapped: res://asset/ui/character_hud/generated/spell_icon_r03_c03.png
Loading resource: res://.godot/imported/spell_icon_r03_c03.png-a0330a091e90502a71625fbff20220c1.ctex remapped: res://.godot/imported/spell_icon_r03_c03.png-a0330a091e90502a71625fbff20220c1.ctex
Completed load for: 'res://asset/ui/character_hud/generated/spell_icon_r03_c03.png' remapped 'res://asset/ui/character_hud/generated/spell_icon_r03_c03.png' at thread -1
Loading resource: res://asset/ui/character_hud/generated/spell_icon_r00_c05.png remapped: res://asset/ui/character_hud/generated/spell_icon_r00_c05.png
Loading resource: res://.godot/imported/spell_icon_r00_c05.png-2ad36b0435e12824014cfa3eec85e18b.ctex remapped: res://.godot/imported/spell_icon_r00_c05.png-2ad36b0435e12824014cfa3eec85e18b.ctex
Completed load for: 'res://asset/ui/character_hud/generated/spell_icon_r00_c05.png' remapped 'res://asset/ui/character_hud/generated/spell_icon_r00_c05.png' at thread -1
Loading resource: res://asset/ui/character_hud/generated/spell_icon_r08_c02.png remapped: res://asset/ui/character_hud/generated/spell_icon_r08_c02.png
Loading resource: res://.godot/imported/spell_icon_r08_c02.png-38e4cf0040cd0f3d87897950318d26fc.ctex remapped: res://.godot/imported/spell_icon_r08_c02.png-38e4cf0040cd0f3d87897950318d26fc.ctex
Completed load for: 'res://asset/ui/character_hud/generated/spell_icon_r08_c02.png' remapped 'res://asset/ui/character_hud/generated/spell_icon_r08_c02.png' at thread -1
Completed load for: 'res://data/ui/guardian_hud_theme_refined.tres' remapped 'res://data/ui/guardian_hud_theme_refined.tres' at thread -1
Loading resource: res://data/ui/warrior_hud_theme_refined.tres remapped: res://data/ui/warrior_hud_theme_refined.tres
Loading resource: res://asset/ui/character_hud/generated/spell_icon_r04_c02.png remapped: res://asset/ui/character_hud/generated/spell_icon_r04_c02.png
Loading resource: res://.godot/imported/spell_icon_r04_c02.png-fb93dc758145a72b8e0ffc73d07f7769.ctex remapped: res://.godot/imported/spell_icon_r04_c02.png-fb93dc758145a72b8e0ffc73d07f7769.ctex
Completed load for: 'res://asset/ui/character_hud/generated/spell_icon_r04_c02.png' remapped 'res://asset/ui/character_hud/generated/spell_icon_r04_c02.png' at thread -1
Loading resource: res://asset/personnage/alliés/495.png remapped: res://asset/personnage/alliés/495.png
Loading resource: res://.godot/imported/495.png-acb4a4d5463cbdef4feaf1fb33713d1d.ctex remapped: res://.godot/imported/495.png-acb4a4d5463cbdef4feaf1fb33713d1d.ctex
Completed load for: 'res://asset/personnage/alliés/495.png' remapped 'res://asset/personnage/alliés/495.png' at thread -1
Loading resource: res://asset/ui/character_hud/generated/spell_icon_r03_c02.png remapped: res://asset/ui/character_hud/generated/spell_icon_r03_c02.png
Loading resource: res://.godot/imported/spell_icon_r03_c02.png-ac39ddadbe5d9014e96d4fe19946c6ed.ctex remapped: res://.godot/imported/spell_icon_r03_c02.png-ac39ddadbe5d9014e96d4fe19946c6ed.ctex
Completed load for: 'res://asset/ui/character_hud/generated/spell_icon_r03_c02.png' remapped 'res://asset/ui/character_hud/generated/spell_icon_r03_c02.png' at thread -1
Loading resource: res://asset/ui/character_hud/generated/spell_icon_r09_c04.png remapped: res://asset/ui/character_hud/generated/spell_icon_r09_c04.png
Loading resource: res://.godot/imported/spell_icon_r09_c04.png-c6a1ab07f494d548b7901e1b7152b724.ctex remapped: res://.godot/imported/spell_icon_r09_c04.png-c6a1ab07f494d548b7901e1b7152b724.ctex
Completed load for: 'res://asset/ui/character_hud/generated/spell_icon_r09_c04.png' remapped 'res://asset/ui/character_hud/generated/spell_icon_r09_c04.png' at thread -1
Loading resource: res://asset/ui/character_hud/generated/spell_icon_r02_c05.png remapped: res://asset/ui/character_hud/generated/spell_icon_r02_c05.png
Loading resource: res://.godot/imported/spell_icon_r02_c05.png-94cc0ed88da35a7a2575688acf2a54be.ctex remapped: res://.godot/imported/spell_icon_r02_c05.png-94cc0ed88da35a7a2575688acf2a54be.ctex
Completed load for: 'res://asset/ui/character_hud/generated/spell_icon_r02_c05.png' remapped 'res://asset/ui/character_hud/generated/spell_icon_r02_c05.png' at thread -1
Loading resource: res://asset/ui/character_hud/generated/spell_icon_r03_c01.png remapped: res://asset/ui/character_hud/generated/spell_icon_r03_c01.png
Loading resource: res://.godot/imported/spell_icon_r03_c01.png-431bb972c6514be8b5622a05d57a23a6.ctex remapped: res://.godot/imported/spell_icon_r03_c01.png-431bb972c6514be8b5622a05d57a23a6.ctex
Completed load for: 'res://asset/ui/character_hud/generated/spell_icon_r03_c01.png' remapped 'res://asset/ui/character_hud/generated/spell_icon_r03_c01.png' at thread -1
Loading resource: res://asset/ui/character_hud/generated/spell_icon_r05_c04.png remapped: res://asset/ui/character_hud/generated/spell_icon_r05_c04.png
Loading resource: res://.godot/imported/spell_icon_r05_c04.png-7cf807372677866d762f12c919ba0f65.ctex remapped: res://.godot/imported/spell_icon_r05_c04.png-7cf807372677866d762f12c919ba0f65.ctex
Completed load for: 'res://asset/ui/character_hud/generated/spell_icon_r05_c04.png' remapped 'res://asset/ui/character_hud/generated/spell_icon_r05_c04.png' at thread -1
Loading resource: res://asset/ui/character_hud/generated/spell_icon_r02_c02.png remapped: res://asset/ui/character_hud/generated/spell_icon_r02_c02.png
Loading resource: res://.godot/imported/spell_icon_r02_c02.png-70429b6bb56dc757f82cc019feb9c358.ctex remapped: res://.godot/imported/spell_icon_r02_c02.png-70429b6bb56dc757f82cc019feb9c358.ctex
Completed load for: 'res://asset/ui/character_hud/generated/spell_icon_r02_c02.png' remapped 'res://asset/ui/character_hud/generated/spell_icon_r02_c02.png' at thread -1
Loading resource: res://asset/ui/character_hud/generated/spell_icon_r01_c05.png remapped: res://asset/ui/character_hud/generated/spell_icon_r01_c05.png
Loading resource: res://.godot/imported/spell_icon_r01_c05.png-f1345ed68b3f1809901602859b86870b.ctex remapped: res://.godot/imported/spell_icon_r01_c05.png-f1345ed68b3f1809901602859b86870b.ctex
Completed load for: 'res://asset/ui/character_hud/generated/spell_icon_r01_c05.png' remapped 'res://asset/ui/character_hud/generated/spell_icon_r01_c05.png' at thread -1
Completed load for: 'res://data/ui/warrior_hud_theme_refined.tres' remapped 'res://data/ui/warrior_hud_theme_refined.tres' at thread -1
Loading resource: res://data/ui/druid_hud_theme_refined.tres remapped: res://data/ui/druid_hud_theme_refined.tres
Loading resource: res://asset/ui/character_hud/generated/spell_icon_r01_c03.png remapped: res://asset/ui/character_hud/generated/spell_icon_r01_c03.png
Loading resource: res://.godot/imported/spell_icon_r01_c03.png-55c53d00acc48040fb666c0a5c3f780b.ctex remapped: res://.godot/imported/spell_icon_r01_c03.png-55c53d00acc48040fb666c0a5c3f780b.ctex
Completed load for: 'res://asset/ui/character_hud/generated/spell_icon_r01_c03.png' remapped 'res://asset/ui/character_hud/generated/spell_icon_r01_c03.png' at thread -1
Loading resource: res://asset/personnage/alliés/480.png remapped: res://asset/personnage/alliés/480.png
Loading resource: res://.godot/imported/480.png-9a70da0836eddd8330aef42f08bbbb3c.ctex remapped: res://.godot/imported/480.png-9a70da0836eddd8330aef42f08bbbb3c.ctex
Completed load for: 'res://asset/personnage/alliés/480.png' remapped 'res://asset/personnage/alliés/480.png' at thread -1
Loading resource: res://asset/ui/character_hud/generated/spell_icon_r02_c00.png remapped: res://asset/ui/character_hud/generated/spell_icon_r02_c00.png
Loading resource: res://.godot/imported/spell_icon_r02_c00.png-8d44f63266b1ec7cac08c6defe7d1699.ctex remapped: res://.godot/imported/spell_icon_r02_c00.png-8d44f63266b1ec7cac08c6defe7d1699.ctex
Completed load for: 'res://asset/ui/character_hud/generated/spell_icon_r02_c00.png' remapped 'res://asset/ui/character_hud/generated/spell_icon_r02_c00.png' at thread -1
Loading resource: res://asset/ui/character_hud/generated/spell_icon_r02_c04.png remapped: res://asset/ui/character_hud/generated/spell_icon_r02_c04.png
Loading resource: res://.godot/imported/spell_icon_r02_c04.png-a4b47b79a5e9a5a1a576ba2c3e87eed1.ctex remapped: res://.godot/imported/spell_icon_r02_c04.png-a4b47b79a5e9a5a1a576ba2c3e87eed1.ctex
Completed load for: 'res://asset/ui/character_hud/generated/spell_icon_r02_c04.png' remapped 'res://asset/ui/character_hud/generated/spell_icon_r02_c04.png' at thread -1
Loading resource: res://asset/ui/character_hud/generated/spell_icon_r07_c03.png remapped: res://asset/ui/character_hud/generated/spell_icon_r07_c03.png
Loading resource: res://.godot/imported/spell_icon_r07_c03.png-120f5fefb69bdc5b2fc766a2eec034ef.ctex remapped: res://.godot/imported/spell_icon_r07_c03.png-120f5fefb69bdc5b2fc766a2eec034ef.ctex
Completed load for: 'res://asset/ui/character_hud/generated/spell_icon_r07_c03.png' remapped 'res://asset/ui/character_hud/generated/spell_icon_r07_c03.png' at thread -1
Completed load for: 'res://data/ui/druid_hud_theme_refined.tres' remapped 'res://data/ui/druid_hud_theme_refined.tres' at thread -1
Loading resource: res://data/ui/assassin_hud_theme_refined.tres remapped: res://data/ui/assassin_hud_theme_refined.tres
Loading resource: res://asset/ui/character_hud/generated/spell_icon_r06_c00.png remapped: res://asset/ui/character_hud/generated/spell_icon_r06_c00.png
Loading resource: res://.godot/imported/spell_icon_r06_c00.png-6b25799e786ecabf3da031af264736a3.ctex remapped: res://.godot/imported/spell_icon_r06_c00.png-6b25799e786ecabf3da031af264736a3.ctex
Completed load for: 'res://asset/ui/character_hud/generated/spell_icon_r06_c00.png' remapped 'res://asset/ui/character_hud/generated/spell_icon_r06_c00.png' at thread -1
Loading resource: res://asset/personnage/alliés/493.png remapped: res://asset/personnage/alliés/493.png
Loading resource: res://.godot/imported/493.png-11c0b77266fb9ddc96301260025d01e2.ctex remapped: res://.godot/imported/493.png-11c0b77266fb9ddc96301260025d01e2.ctex
Completed load for: 'res://asset/personnage/alliés/493.png' remapped 'res://asset/personnage/alliés/493.png' at thread -1
Loading resource: res://asset/ui/character_hud/generated/spell_icon_r05_c05.png remapped: res://asset/ui/character_hud/generated/spell_icon_r05_c05.png
Loading resource: res://.godot/imported/spell_icon_r05_c05.png-52711dc3f8ccb1c43b7e1284ea4706c2.ctex remapped: res://.godot/imported/spell_icon_r05_c05.png-52711dc3f8ccb1c43b7e1284ea4706c2.ctex
Completed load for: 'res://asset/ui/character_hud/generated/spell_icon_r05_c05.png' remapped 'res://asset/ui/character_hud/generated/spell_icon_r05_c05.png' at thread -1
Completed load for: 'res://data/ui/assassin_hud_theme_refined.tres' remapped 'res://data/ui/assassin_hud_theme_refined.tres' at thread -1
Loading resource: res://data/ui/necromancer_hud_theme_refined.tres remapped: res://data/ui/necromancer_hud_theme_refined.tres
Loading resource: res://asset/ui/character_hud/generated/spell_icon_r05_c02.png remapped: res://asset/ui/character_hud/generated/spell_icon_r05_c02.png
Loading resource: res://.godot/imported/spell_icon_r05_c02.png-d646869031e38ef450eba984d9d2f10c.ctex remapped: res://.godot/imported/spell_icon_r05_c02.png-d646869031e38ef450eba984d9d2f10c.ctex
Completed load for: 'res://asset/ui/character_hud/generated/spell_icon_r05_c02.png' remapped 'res://asset/ui/character_hud/generated/spell_icon_r05_c02.png' at thread -1
Loading resource: res://asset/ui/character_hud/generated/spell_icon_r05_c00.png remapped: res://asset/ui/character_hud/generated/spell_icon_r05_c00.png
Loading resource: res://.godot/imported/spell_icon_r05_c00.png-71a3f98e47e37c6549e47d101db92361.ctex remapped: res://.godot/imported/spell_icon_r05_c00.png-71a3f98e47e37c6549e47d101db92361.ctex
Completed load for: 'res://asset/ui/character_hud/generated/spell_icon_r05_c00.png' remapped 'res://asset/ui/character_hud/generated/spell_icon_r05_c00.png' at thread -1
Loading resource: res://asset/ui/character_hud/generated/spell_icon_r06_c05.png remapped: res://asset/ui/character_hud/generated/spell_icon_r06_c05.png
Loading resource: res://.godot/imported/spell_icon_r06_c05.png-1340746aacdb254971c451d08e524f14.ctex remapped: res://.godot/imported/spell_icon_r06_c05.png-1340746aacdb254971c451d08e524f14.ctex
Completed load for: 'res://asset/ui/character_hud/generated/spell_icon_r06_c05.png' remapped 'res://asset/ui/character_hud/generated/spell_icon_r06_c05.png' at thread -1
Completed load for: 'res://data/ui/necromancer_hud_theme_refined.tres' remapped 'res://data/ui/necromancer_hud_theme_refined.tres' at thread -1
Loading resource: res://data/ui/hoplite_hud_theme_refined.tres remapped: res://data/ui/hoplite_hud_theme_refined.tres
Completed load for: 'res://data/ui/hoplite_hud_theme_refined.tres' remapped 'res://data/ui/hoplite_hud_theme_refined.tres' at thread -1
Completed load for: 'res://ui/run/persistent_run_ui.gd' remapped 'res://ui/run/persistent_run_ui.gd' at thread -1
Loading resource: res://ui/recraft_hud_v1/combat/combat_hud_recraft_v1.tscn remapped: res://ui/recraft_hud_v1/combat/combat_hud_recraft_v1.tscn
Loading resource: res://ui/recraft_hud_v1/combat/combat_hud_recraft_v1.gd remapped: res://ui/recraft_hud_v1/combat/combat_hud_recraft_v1.gd
Loading resource: res://ui/recraft_hud_v1/components/spell_slot/spell_slot_view.tscn remapped: res://ui/recraft_hud_v1/components/spell_slot/spell_slot_view.tscn
Loading resource: res://ui/recraft_hud_v1/components/spell_slot/spell_slot_view.gd remapped: res://ui/recraft_hud_v1/components/spell_slot/spell_slot_view.gd
Completed load for: 'res://ui/recraft_hud_v1/components/spell_slot/spell_slot_view.gd' remapped 'res://ui/recraft_hud_v1/components/spell_slot/spell_slot_view.gd' at thread -1
Loading resource: res://asset/ui/recraft_hud_v1/processed/spell_slot_base.png remapped: res://asset/ui/recraft_hud_v1/processed/spell_slot_base.png
Loading resource: res://.godot/imported/spell_slot_base.png-7af5c0a07ef92536bf0bf1de032b7af5.ctex remapped: res://.godot/imported/spell_slot_base.png-7af5c0a07ef92536bf0bf1de032b7af5.ctex
Completed load for: 'res://asset/ui/recraft_hud_v1/processed/spell_slot_base.png' remapped 'res://asset/ui/recraft_hud_v1/processed/spell_slot_base.png' at thread -1
Completed load for: 'res://ui/recraft_hud_v1/components/spell_slot/spell_slot_view.tscn' remapped 'res://ui/recraft_hud_v1/components/spell_slot/spell_slot_view.tscn' at thread -1
Loading resource: res://data/ui/elf_hud_theme.tres remapped: res://data/ui/elf_hud_theme.tres
Loading resource: res://asset/ui/character_hud/generated/elf_character_bar.png remapped: res://asset/ui/character_hud/generated/elf_character_bar.png
Loading resource: res://.godot/imported/elf_character_bar.png-d6e7c67357316d2a18756cf07400c944.ctex remapped: res://.godot/imported/elf_character_bar.png-d6e7c67357316d2a18756cf07400c944.ctex
Completed load for: 'res://asset/ui/character_hud/generated/elf_character_bar.png' remapped 'res://asset/ui/character_hud/generated/elf_character_bar.png' at thread -1
Loading resource: res://asset/ui/character_hud/generated/elf_hunter_emblem.png remapped: res://asset/ui/character_hud/generated/elf_hunter_emblem.png
Loading resource: res://.godot/imported/elf_hunter_emblem.png-6cb293839a138a26c213363ccc0d8a8e.ctex remapped: res://.godot/imported/elf_hunter_emblem.png-6cb293839a138a26c213363ccc0d8a8e.ctex
Completed load for: 'res://asset/ui/character_hud/generated/elf_hunter_emblem.png' remapped 'res://asset/ui/character_hud/generated/elf_hunter_emblem.png' at thread -1
Loading resource: res://asset/ui/character_hud/generated/spell_icon_r09_c01.png remapped: res://asset/ui/character_hud/generated/spell_icon_r09_c01.png
Loading resource: res://.godot/imported/spell_icon_r09_c01.png-70f8cc3400dd96807440f533208c72eb.ctex remapped: res://.godot/imported/spell_icon_r09_c01.png-70f8cc3400dd96807440f533208c72eb.ctex
Completed load for: 'res://asset/ui/character_hud/generated/spell_icon_r09_c01.png' remapped 'res://asset/ui/character_hud/generated/spell_icon_r09_c01.png' at thread -1
Loading resource: res://asset/ui/character_hud/generated/spell_icon_r02_c03.png remapped: res://asset/ui/character_hud/generated/spell_icon_r02_c03.png
Loading resource: res://.godot/imported/spell_icon_r02_c03.png-f3a24486da76d4e4881436b14173e7ed.ctex remapped: res://.godot/imported/spell_icon_r02_c03.png-f3a24486da76d4e4881436b14173e7ed.ctex
Completed load for: 'res://asset/ui/character_hud/generated/spell_icon_r02_c03.png' remapped 'res://asset/ui/character_hud/generated/spell_icon_r02_c03.png' at thread -1
Loading resource: res://asset/ui/character_hud/generated/spell_icon_r01_c04.png remapped: res://asset/ui/character_hud/generated/spell_icon_r01_c04.png
Loading resource: res://.godot/imported/spell_icon_r01_c04.png-14ab16d4d739152abfab2f11118c0d22.ctex remapped: res://.godot/imported/spell_icon_r01_c04.png-14ab16d4d739152abfab2f11118c0d22.ctex
Completed load for: 'res://asset/ui/character_hud/generated/spell_icon_r01_c04.png' remapped 'res://asset/ui/character_hud/generated/spell_icon_r01_c04.png' at thread -1
Loading resource: res://asset/ui/character_hud/generated/v2/spell_frame_archer.png remapped: res://asset/ui/character_hud/generated/v2/spell_frame_archer.png
Loading resource: res://.godot/imported/spell_frame_archer.png-d69b56d3c438fa186cf04e789299c629.ctex remapped: res://.godot/imported/spell_frame_archer.png-d69b56d3c438fa186cf04e789299c629.ctex
Completed load for: 'res://asset/ui/character_hud/generated/v2/spell_frame_archer.png' remapped 'res://asset/ui/character_hud/generated/v2/spell_frame_archer.png' at thread -1
Loading resource: res://asset/ui/character_hud/generated/v2/spell_frame_assassin.png remapped: res://asset/ui/character_hud/generated/v2/spell_frame_assassin.png
Loading resource: res://.godot/imported/spell_frame_assassin.png-ae44b34b1356f86d3b71a77942c7d78b.ctex remapped: res://.godot/imported/spell_frame_assassin.png-ae44b34b1356f86d3b71a77942c7d78b.ctex
Completed load for: 'res://asset/ui/character_hud/generated/v2/spell_frame_assassin.png' remapped 'res://asset/ui/character_hud/generated/v2/spell_frame_assassin.png' at thread -1
Loading resource: res://asset/ui/character_hud/generated/v2/spell_frame_mage.png remapped: res://asset/ui/character_hud/generated/v2/spell_frame_mage.png
Loading resource: res://.godot/imported/spell_frame_mage.png-cd158d080c033b53e68f9ad39b883408.ctex remapped: res://.godot/imported/spell_frame_mage.png-cd158d080c033b53e68f9ad39b883408.ctex
Completed load for: 'res://asset/ui/character_hud/generated/v2/spell_frame_mage.png' remapped 'res://asset/ui/character_hud/generated/v2/spell_frame_mage.png' at thread -1
Loading resource: res://asset/ui/character_hud/generated/v2/spell_frame_healer.png remapped: res://asset/ui/character_hud/generated/v2/spell_frame_healer.png
Loading resource: res://.godot/imported/spell_frame_healer.png-ad5063b001ebbf9020dd338d3d35e8c7.ctex remapped: res://.godot/imported/spell_frame_healer.png-ad5063b001ebbf9020dd338d3d35e8c7.ctex
Completed load for: 'res://asset/ui/character_hud/generated/v2/spell_frame_healer.png' remapped 'res://asset/ui/character_hud/generated/v2/spell_frame_healer.png' at thread -1
Loading resource: res://asset/ui/character_hud/generated/v2/gold_health_bar_frame.png remapped: res://asset/ui/character_hud/generated/v2/gold_health_bar_frame.png
Loading resource: res://.godot/imported/gold_health_bar_frame.png-c2dcf69d567d1789c0f5e321886d4793.ctex remapped: res://.godot/imported/gold_health_bar_frame.png-c2dcf69d567d1789c0f5e321886d4793.ctex
Completed load for: 'res://asset/ui/character_hud/generated/v2/gold_health_bar_frame.png' remapped 'res://asset/ui/character_hud/generated/v2/gold_health_bar_frame.png' at thread -1
Loading resource: res://asset/ui/character_hud/generated/v2/gold_end_turn_button.png remapped: res://asset/ui/character_hud/generated/v2/gold_end_turn_button.png
Loading resource: res://.godot/imported/gold_end_turn_button.png-b82d5203649a23b6429650e5f8f69cfd.ctex remapped: res://.godot/imported/gold_end_turn_button.png-b82d5203649a23b6429650e5f8f69cfd.ctex
Completed load for: 'res://asset/ui/character_hud/generated/v2/gold_end_turn_button.png' remapped 'res://asset/ui/character_hud/generated/v2/gold_end_turn_button.png' at thread -1
Completed load for: 'res://data/ui/elf_hud_theme.tres' remapped 'res://data/ui/elf_hud_theme.tres' at thread -1
Loading resource: res://data/ui/elf_hud_theme_clean.tres remapped: res://data/ui/elf_hud_theme_clean.tres
Loading resource: res://asset/ui/recraft_hud_v1/processed/portrait_frame.png remapped: res://asset/ui/recraft_hud_v1/processed/portrait_frame.png
Loading resource: res://.godot/imported/portrait_frame.png-275ed7ad7454553aa1be0a15fa83d3e4.ctex remapped: res://.godot/imported/portrait_frame.png-275ed7ad7454553aa1be0a15fa83d3e4.ctex
Completed load for: 'res://asset/ui/recraft_hud_v1/processed/portrait_frame.png' remapped 'res://asset/ui/recraft_hud_v1/processed/portrait_frame.png' at thread -1
Completed load for: 'res://data/ui/elf_hud_theme_clean.tres' remapped 'res://data/ui/elf_hud_theme_clean.tres' at thread -1
Loading resource: res://data/ui/combat_hud_layout_clean.tres remapped: res://data/ui/combat_hud_layout_clean.tres
Loading resource: res://ui/combat/combat_hud_layout_data.gd remapped: res://ui/combat/combat_hud_layout_data.gd
Completed load for: 'res://ui/combat/combat_hud_layout_data.gd' remapped 'res://ui/combat/combat_hud_layout_data.gd' at thread -1
Completed load for: 'res://data/ui/combat_hud_layout_clean.tres' remapped 'res://data/ui/combat_hud_layout_clean.tres' at thread -1
Completed load for: 'res://ui/recraft_hud_v1/combat/combat_hud_recraft_v1.gd' remapped 'res://ui/recraft_hud_v1/combat/combat_hud_recraft_v1.gd' at thread -1
Loading resource: res://ui/recraft_hud_v1/theme/recraft_hud_theme_v1.tres remapped: res://ui/recraft_hud_v1/theme/recraft_hud_theme_v1.tres
Completed load for: 'res://ui/recraft_hud_v1/theme/recraft_hud_theme_v1.tres' remapped 'res://ui/recraft_hud_v1/theme/recraft_hud_theme_v1.tres' at thread -1
Loading resource: res://ui/recraft_hud_v1/components/portrait/portrait_view.tscn remapped: res://ui/recraft_hud_v1/components/portrait/portrait_view.tscn
Loading resource: res://ui/characters/CharacterPreview3D.tscn remapped: res://ui/characters/CharacterPreview3D.tscn
Completed load for: 'res://ui/characters/CharacterPreview3D.tscn' remapped 'res://ui/characters/CharacterPreview3D.tscn' at thread -1
Completed load for: 'res://ui/recraft_hud_v1/components/portrait/portrait_view.tscn' remapped 'res://ui/recraft_hud_v1/components/portrait/portrait_view.tscn' at thread -1
Loading resource: res://ui/recraft_hud_v1/components/resource_bar/resource_bar_view.tscn remapped: res://ui/recraft_hud_v1/components/resource_bar/resource_bar_view.tscn
Loading resource: res://ui/recraft_hud_v1/components/resource_bar/resource_bar_view.gd remapped: res://ui/recraft_hud_v1/components/resource_bar/resource_bar_view.gd
Completed load for: 'res://ui/recraft_hud_v1/components/resource_bar/resource_bar_view.gd' remapped 'res://ui/recraft_hud_v1/components/resource_bar/resource_bar_view.gd' at thread -1
Loading resource: res://asset/ui/recraft_hud_v1/processed/resource_bar_frame.png remapped: res://asset/ui/recraft_hud_v1/processed/resource_bar_frame.png
Loading resource: res://.godot/imported/resource_bar_frame.png-6b9c04900579e0906008c18c5a944f5c.ctex remapped: res://.godot/imported/resource_bar_frame.png-6b9c04900579e0906008c18c5a944f5c.ctex
Completed load for: 'res://asset/ui/recraft_hud_v1/processed/resource_bar_frame.png' remapped 'res://asset/ui/recraft_hud_v1/processed/resource_bar_frame.png' at thread -1
Completed load for: 'res://ui/recraft_hud_v1/components/resource_bar/resource_bar_view.tscn' remapped 'res://ui/recraft_hud_v1/components/resource_bar/resource_bar_view.tscn' at thread -1
Loading resource: res://ui/recraft_hud_v1/components/resource_badge/resource_badge_view.tscn remapped: res://ui/recraft_hud_v1/components/resource_badge/resource_badge_view.tscn
Loading resource: res://ui/recraft_hud_v1/components/resource_badge/resource_badge_view.gd remapped: res://ui/recraft_hud_v1/components/resource_badge/resource_badge_view.gd
Completed load for: 'res://ui/recraft_hud_v1/components/resource_badge/resource_badge_view.gd' remapped 'res://ui/recraft_hud_v1/components/resource_badge/resource_badge_view.gd' at thread -1
Loading resource: res://asset/ui/recraft_hud_v1/processed/resource_badge_base.png remapped: res://asset/ui/recraft_hud_v1/processed/resource_badge_base.png
Loading resource: res://.godot/imported/resource_badge_base.png-d21fdcca5b9cb49eb69077e10e3ea4ed.ctex remapped: res://.godot/imported/resource_badge_base.png-d21fdcca5b9cb49eb69077e10e3ea4ed.ctex
Completed load for: 'res://asset/ui/recraft_hud_v1/processed/resource_badge_base.png' remapped 'res://asset/ui/recraft_hud_v1/processed/resource_badge_base.png' at thread -1
Completed load for: 'res://ui/recraft_hud_v1/components/resource_badge/resource_badge_view.tscn' remapped 'res://ui/recraft_hud_v1/components/resource_badge/resource_badge_view.tscn' at thread -1
Loading resource: res://ui/recraft_hud_v1/components/primary_button/primary_button_view.tscn remapped: res://ui/recraft_hud_v1/components/primary_button/primary_button_view.tscn
Loading resource: res://ui/recraft_hud_v1/components/primary_button/primary_button_view.gd remapped: res://ui/recraft_hud_v1/components/primary_button/primary_button_view.gd
Completed load for: 'res://ui/recraft_hud_v1/components/primary_button/primary_button_view.gd' remapped 'res://ui/recraft_hud_v1/components/primary_button/primary_button_view.gd' at thread -1
Loading resource: res://asset/ui/recraft_hud_v1/processed/primary_button_base.png remapped: res://asset/ui/recraft_hud_v1/processed/primary_button_base.png
Loading resource: res://.godot/imported/primary_button_base.png-7b3aada445d9703b1abedf79dcb7f566.ctex remapped: res://.godot/imported/primary_button_base.png-7b3aada445d9703b1abedf79dcb7f566.ctex
Completed load for: 'res://asset/ui/recraft_hud_v1/processed/primary_button_base.png' remapped 'res://asset/ui/recraft_hud_v1/processed/primary_button_base.png' at thread -1
Completed load for: 'res://ui/recraft_hud_v1/components/primary_button/primary_button_view.tscn' remapped 'res://ui/recraft_hud_v1/components/primary_button/primary_button_view.tscn' at thread -1
Loading resource: res://asset/ui/recraft_hud_v1/processed/spellbar_panel.png remapped: res://asset/ui/recraft_hud_v1/processed/spellbar_panel.png
Loading resource: res://.godot/imported/spellbar_panel.png-6996d17d747d50de07f906efb177e74e.ctex remapped: res://.godot/imported/spellbar_panel.png-6996d17d747d50de07f906efb177e74e.ctex
Completed load for: 'res://asset/ui/recraft_hud_v1/processed/spellbar_panel.png' remapped 'res://asset/ui/recraft_hud_v1/processed/spellbar_panel.png' at thread -1
Loading resource: res://ui/recraft_hud_v1/combat/layout_debug_overlay.gd remapped: res://ui/recraft_hud_v1/combat/layout_debug_overlay.gd
Completed load for: 'res://ui/recraft_hud_v1/combat/layout_debug_overlay.gd' remapped 'res://ui/recraft_hud_v1/combat/layout_debug_overlay.gd' at thread -1
Loading resource: res://ui/combat/turn_intro_banner.tscn remapped: res://ui/combat/turn_intro_banner.tscn
Completed load for: 'res://ui/combat/turn_intro_banner.tscn' remapped 'res://ui/combat/turn_intro_banner.tscn' at thread -1
Completed load for: 'res://ui/recraft_hud_v1/combat/combat_hud_recraft_v1.tscn' remapped 'res://ui/recraft_hud_v1/combat/combat_hud_recraft_v1.tscn' at thread -1
Loading resource: res://ui/progression/components/skill_tree_status_button.tscn remapped: res://ui/progression/components/skill_tree_status_button.tscn
Loading resource: res://ui/progression/components/skill_tree_tooltip_panel.tscn remapped: res://ui/progression/components/skill_tree_tooltip_panel.tscn
Loading resource: res://ui/progression/skin/dungeon_draft_skill_tree_skin.tres remapped: res://ui/progression/skin/dungeon_draft_skill_tree_skin.tres
Loading resource: res://data/ui/skill_tree_refined_config.tres remapped: res://data/ui/skill_tree_refined_config.tres
Loading resource: res://asset/ui/dungeon_draft/arbre_compétences/generated/lock_refined.png remapped: res://asset/ui/dungeon_draft/arbre_compétences/generated/lock_refined.png
Loading resource: res://.godot/imported/lock_refined.png-dbe3c3f8fd6fccdd66276ade19a76f33.ctex remapped: res://.godot/imported/lock_refined.png-dbe3c3f8fd6fccdd66276ade19a76f33.ctex
Completed load for: 'res://asset/ui/dungeon_draft/arbre_compétences/generated/lock_refined.png' remapped 'res://asset/ui/dungeon_draft/arbre_compétences/generated/lock_refined.png' at thread -1
Completed load for: 'res://data/ui/skill_tree_refined_config.tres' remapped 'res://data/ui/skill_tree_refined_config.tres' at thread -1
Loading resource: res://data/ui/skill_tree_icon_catalog_refined.tres remapped: res://data/ui/skill_tree_icon_catalog_refined.tres
Loading resource: res://asset/ui/dungeon_draft/arbre_compétences/generated/icons/upgrade.svg remapped: res://asset/ui/dungeon_draft/arbre_compétences/generated/icons/upgrade.svg
Loading resource: res://.godot/imported/upgrade.svg-e6d579b002587fea4f6b12654ad3ba8a.ctex remapped: res://.godot/imported/upgrade.svg-e6d579b002587fea4f6b12654ad3ba8a.ctex
Completed load for: 'res://asset/ui/dungeon_draft/arbre_compétences/generated/icons/upgrade.svg' remapped 'res://asset/ui/dungeon_draft/arbre_compétences/generated/icons/upgrade.svg' at thread -1
Loading resource: res://asset/ui/dungeon_draft/arbre_compétences/generated/icons/hidden.svg remapped: res://asset/ui/dungeon_draft/arbre_compétences/generated/icons/hidden.svg
Loading resource: res://.godot/imported/hidden.svg-95a6ec26f8ccd8a24307b1b7ae1c64bf.ctex remapped: res://.godot/imported/hidden.svg-95a6ec26f8ccd8a24307b1b7ae1c64bf.ctex
Completed load for: 'res://asset/ui/dungeon_draft/arbre_compétences/generated/icons/hidden.svg' remapped 'res://asset/ui/dungeon_draft/arbre_compétences/generated/icons/hidden.svg' at thread -1
Loading resource: res://asset/ui/dungeon_draft/arbre_compétences/generated/icons/damage.svg remapped: res://asset/ui/dungeon_draft/arbre_compétences/generated/icons/damage.svg
Loading resource: res://.godot/imported/damage.svg-81e16fd87e18f7b6d0062545ea196e8d.ctex remapped: res://.godot/imported/damage.svg-81e16fd87e18f7b6d0062545ea196e8d.ctex
Completed load for: 'res://asset/ui/dungeon_draft/arbre_compétences/generated/icons/damage.svg' remapped 'res://asset/ui/dungeon_draft/arbre_compétences/generated/icons/damage.svg' at thread -1
Loading resource: res://asset/ui/dungeon_draft/arbre_compétences/generated/icons/range.svg remapped: res://asset/ui/dungeon_draft/arbre_compétences/generated/icons/range.svg
Loading resource: res://.godot/imported/range.svg-edee5d46762c473162324e5601be4c95.ctex remapped: res://.godot/imported/range.svg-edee5d46762c473162324e5601be4c95.ctex
Completed load for: 'res://asset/ui/dungeon_draft/arbre_compétences/generated/icons/range.svg' remapped 'res://asset/ui/dungeon_draft/arbre_compétences/generated/icons/range.svg' at thread -1
Loading resource: res://asset/ui/dungeon_draft/arbre_compétences/generated/icons/push.svg remapped: res://asset/ui/dungeon_draft/arbre_compétences/generated/icons/push.svg
Loading resource: res://.godot/imported/push.svg-7e56f742c013aa3d7671adae148e8967.ctex remapped: res://.godot/imported/push.svg-7e56f742c013aa3d7671adae148e8967.ctex
Completed load for: 'res://asset/ui/dungeon_draft/arbre_compétences/generated/icons/push.svg' remapped 'res://asset/ui/dungeon_draft/arbre_compétences/generated/icons/push.svg' at thread -1
Loading resource: res://asset/ui/dungeon_draft/arbre_compétences/generated/icons/movement.svg remapped: res://asset/ui/dungeon_draft/arbre_compétences/generated/icons/movement.svg
Loading resource: res://.godot/imported/movement.svg-33afa9d21ea276122edde7f40b48a650.ctex remapped: res://.godot/imported/movement.svg-33afa9d21ea276122edde7f40b48a650.ctex
Completed load for: 'res://asset/ui/dungeon_draft/arbre_compétences/generated/icons/movement.svg' remapped 'res://asset/ui/dungeon_draft/arbre_compétences/generated/icons/movement.svg' at thread -1
Loading resource: res://asset/ui/dungeon_draft/arbre_compétences/generated/icons/bleed.svg remapped: res://asset/ui/dungeon_draft/arbre_compétences/generated/icons/bleed.svg
Loading resource: res://.godot/imported/bleed.svg-2bb37c88d682e77ac743a133c0351e8e.ctex remapped: res://.godot/imported/bleed.svg-2bb37c88d682e77ac743a133c0351e8e.ctex
Completed load for: 'res://asset/ui/dungeon_draft/arbre_compétences/generated/icons/bleed.svg' remapped 'res://asset/ui/dungeon_draft/arbre_compétences/generated/icons/bleed.svg' at thread -1
Loading resource: res://asset/ui/dungeon_draft/arbre_compétences/generated/icons/vulnerability.svg remapped: res://asset/ui/dungeon_draft/arbre_compétences/generated/icons/vulnerability.svg
Loading resource: res://.godot/imported/vulnerability.svg-45a981ca2bad35b059f415b76a8ccd5b.ctex remapped: res://.godot/imported/vulnerability.svg-45a981ca2bad35b059f415b76a8ccd5b.ctex
Completed load for: 'res://asset/ui/dungeon_draft/arbre_compétences/generated/icons/vulnerability.svg' remapped 'res://asset/ui/dungeon_draft/arbre_compétences/generated/icons/vulnerability.svg' at thread -1
Loading resource: res://asset/ui/dungeon_draft/arbre_compétences/generated/icons/collision.svg remapped: res://asset/ui/dungeon_draft/arbre_compétences/generated/icons/collision.svg
Loading resource: res://.godot/imported/collision.svg-cfeac4963bd1bcc1c0e5da1275651f86.ctex remapped: res://.godot/imported/collision.svg-cfeac4963bd1bcc1c0e5da1275651f86.ctex
Completed load for: 'res://asset/ui/dungeon_draft/arbre_compétences/generated/icons/collision.svg' remapped 'res://asset/ui/dungeon_draft/arbre_compétences/generated/icons/collision.svg' at thread -1
Loading resource: res://asset/ui/dungeon_draft/arbre_compétences/generated/icons/duration.svg remapped: res://asset/ui/dungeon_draft/arbre_compétences/generated/icons/duration.svg
Loading resource: res://.godot/imported/duration.svg-bd4735916d50f70f6ea3c63613b47d6e.ctex remapped: res://.godot/imported/duration.svg-bd4735916d50f70f6ea3c63613b47d6e.ctex
Completed load for: 'res://asset/ui/dungeon_draft/arbre_compétences/generated/icons/duration.svg' remapped 'res://asset/ui/dungeon_draft/arbre_compétences/generated/icons/duration.svg' at thread -1
Loading resource: res://asset/ui/dungeon_draft/arbre_compétences/generated/icons/pierce.svg remapped: res://asset/ui/dungeon_draft/arbre_compétences/generated/icons/pierce.svg
Loading resource: res://.godot/imported/pierce.svg-7e7339f71292c1df91bef5f7b67c2b02.ctex remapped: res://.godot/imported/pierce.svg-7e7339f71292c1df91bef5f7b67c2b02.ctex
Completed load for: 'res://asset/ui/dungeon_draft/arbre_compétences/generated/icons/pierce.svg' remapped 'res://asset/ui/dungeon_draft/arbre_compétences/generated/icons/pierce.svg' at thread -1
Loading resource: res://asset/ui/dungeon_draft/arbre_compétences/generated/icons/terrain.svg remapped: res://asset/ui/dungeon_draft/arbre_compétences/generated/icons/terrain.svg
Loading resource: res://.godot/imported/terrain.svg-507d7af43c750a821386642d1fdd4e37.ctex remapped: res://.godot/imported/terrain.svg-507d7af43c750a821386642d1fdd4e37.ctex
Completed load for: 'res://asset/ui/dungeon_draft/arbre_compétences/generated/icons/terrain.svg' remapped 'res://asset/ui/dungeon_draft/arbre_compétences/generated/icons/terrain.svg' at thread -1
Loading resource: res://asset/ui/dungeon_draft/arbre_compétences/generated/icons/heal.svg remapped: res://asset/ui/dungeon_draft/arbre_compétences/generated/icons/heal.svg
Loading resource: res://.godot/imported/heal.svg-8852c0d5dab1b6c8565b2bbf5a81cb8b.ctex remapped: res://.godot/imported/heal.svg-8852c0d5dab1b6c8565b2bbf5a81cb8b.ctex
Completed load for: 'res://asset/ui/dungeon_draft/arbre_compétences/generated/icons/heal.svg' remapped 'res://asset/ui/dungeon_draft/arbre_compétences/generated/icons/heal.svg' at thread -1
Loading resource: res://asset/ui/dungeon_draft/arbre_compétences/generated/icons/defense.svg remapped: res://asset/ui/dungeon_draft/arbre_compétences/generated/icons/defense.svg
Loading resource: res://.godot/imported/defense.svg-069dd7116d9595dd8300510c5ec95bf1.ctex remapped: res://.godot/imported/defense.svg-069dd7116d9595dd8300510c5ec95bf1.ctex
Completed load for: 'res://asset/ui/dungeon_draft/arbre_compétences/generated/icons/defense.svg' remapped 'res://asset/ui/dungeon_draft/arbre_compétences/generated/icons/defense.svg' at thread -1
Loading resource: res://asset/ui/dungeon_draft/arbre_compétences/generated/icons/state_check.svg remapped: res://asset/ui/dungeon_draft/arbre_compétences/generated/icons/state_check.svg
Loading resource: res://.godot/imported/state_check.svg-0ca856d722b0cf1a68254cbd035f72db.ctex remapped: res://.godot/imported/state_check.svg-0ca856d722b0cf1a68254cbd035f72db.ctex
Completed load for: 'res://asset/ui/dungeon_draft/arbre_compétences/generated/icons/state_check.svg' remapped 'res://asset/ui/dungeon_draft/arbre_compétences/generated/icons/state_check.svg' at thread -1
Loading resource: res://asset/ui/dungeon_draft/arbre_compétences/generated/icons/state_excluded.svg remapped: res://asset/ui/dungeon_draft/arbre_compétences/generated/icons/state_excluded.svg
Loading resource: res://.godot/imported/state_excluded.svg-60258fffe256cf148ed6b0d93db27eeb.ctex remapped: res://.godot/imported/state_excluded.svg-60258fffe256cf148ed6b0d93db27eeb.ctex
Completed load for: 'res://asset/ui/dungeon_draft/arbre_compétences/generated/icons/state_excluded.svg' remapped 'res://asset/ui/dungeon_draft/arbre_compétences/generated/icons/state_excluded.svg' at thread -1
Loading resource: res://asset/ui/dungeon_draft/arbre_compétences/generated/icons/state_pending.svg remapped: res://asset/ui/dungeon_draft/arbre_compétences/generated/icons/state_pending.svg
Loading resource: res://.godot/imported/state_pending.svg-9f3e7ec8df607cfde32fc70752ae64a4.ctex remapped: res://.godot/imported/state_pending.svg-9f3e7ec8df607cfde32fc70752ae64a4.ctex
Completed load for: 'res://asset/ui/dungeon_draft/arbre_compétences/generated/icons/state_pending.svg' remapped 'res://asset/ui/dungeon_draft/arbre_compétences/generated/icons/state_pending.svg' at thread -1
Loading resource: res://asset/ui/dungeon_draft/arbre_compétences/generated/icons/poison.svg remapped: res://asset/ui/dungeon_draft/arbre_compétences/generated/icons/poison.svg
Failed loading resource: res://asset/ui/dungeon_draft/arbre_compétences/generated/icons/poison.svg
ERROR: Failed loading resource: res://asset/ui/dungeon_draft/arbre_compétences/generated/icons/poison.svg.
   at: _load (core/io/resource_loader.cpp:317)
Completed load for: 'res://asset/ui/dungeon_draft/arbre_compétences/generated/icons/poison.svg' remapped 'res://asset/ui/dungeon_draft/arbre_compétences/generated/icons/poison.svg' at thread -1
Completed load for: 'res://data/ui/skill_tree_icon_catalog_refined.tres' remapped 'res://data/ui/skill_tree_icon_catalog_refined.tres' at thread -1
Completed load for: 'res://ui/progression/skin/dungeon_draft_skill_tree_skin.tres' remapped 'res://ui/progression/skin/dungeon_draft_skill_tree_skin.tres' at thread -1
Completed load for: 'res://ui/progression/components/skill_tree_tooltip_panel.tscn' remapped 'res://ui/progression/components/skill_tree_tooltip_panel.tscn' at thread -1
Completed load for: 'res://ui/progression/components/skill_tree_status_button.tscn' remapped 'res://ui/progression/components/skill_tree_status_button.tscn' at thread -1
Loading resource: res://ui/progression/screens/skill_tree_screen.tscn remapped: res://ui/progression/screens/skill_tree_screen.tscn
Loading resource: res://ui/progression/components/skill_tree_graph_view.tscn remapped: res://ui/progression/components/skill_tree_graph_view.tscn
Loading resource: res://ui/progression/skin/elf_archer_visual_map.tres remapped: res://ui/progression/skin/elf_archer_visual_map.tres
Completed load for: 'res://ui/progression/skin/elf_archer_visual_map.tres' remapped 'res://ui/progression/skin/elf_archer_visual_map.tres' at thread -1
Completed load for: 'res://ui/progression/components/skill_tree_graph_view.tscn' remapped 'res://ui/progression/components/skill_tree_graph_view.tscn' at thread -1
Loading resource: res://ui/progression/components/skill_tree_node_detail_panel.tscn remapped: res://ui/progression/components/skill_tree_node_detail_panel.tscn
Completed load for: 'res://ui/progression/components/skill_tree_node_detail_panel.tscn' remapped 'res://ui/progression/components/skill_tree_node_detail_panel.tscn' at thread -1
Completed load for: 'res://ui/progression/screens/skill_tree_screen.tscn' remapped 'res://ui/progression/screens/skill_tree_screen.tscn' at thread -1
Loading resource: res://ui/menus/dark_pause_menu.tscn remapped: res://ui/menus/dark_pause_menu.tscn
Loading resource: res://ui/themes/dark_pause_menu_theme.tres remapped: res://ui/themes/dark_pause_menu_theme.tres
Loading resource: res://asset/ui/dark_menu/generated/button_normal.png remapped: res://asset/ui/dark_menu/generated/button_normal.png
Loading resource: res://.godot/imported/button_normal.png-4bb5fa7e4095485eefaa689c3d19c500.ctex remapped: res://.godot/imported/button_normal.png-4bb5fa7e4095485eefaa689c3d19c500.ctex
Completed load for: 'res://asset/ui/dark_menu/generated/button_normal.png' remapped 'res://asset/ui/dark_menu/generated/button_normal.png' at thread -1
Loading resource: res://asset/ui/dark_menu/generated/button_hover.png remapped: res://asset/ui/dark_menu/generated/button_hover.png
Loading resource: res://.godot/imported/button_hover.png-8a337b237d0ef81004ac2c6b12c31865.ctex remapped: res://.godot/imported/button_hover.png-8a337b237d0ef81004ac2c6b12c31865.ctex
Completed load for: 'res://asset/ui/dark_menu/generated/button_hover.png' remapped 'res://asset/ui/dark_menu/generated/button_hover.png' at thread -1
Loading resource: res://asset/ui/dark_menu/generated/button_pressed.png remapped: res://asset/ui/dark_menu/generated/button_pressed.png
Loading resource: res://.godot/imported/button_pressed.png-e16840e1248e3ce4bf5e6571a90a0477.ctex remapped: res://.godot/imported/button_pressed.png-e16840e1248e3ce4bf5e6571a90a0477.ctex
Completed load for: 'res://asset/ui/dark_menu/generated/button_pressed.png' remapped 'res://asset/ui/dark_menu/generated/button_pressed.png' at thread -1
Completed load for: 'res://ui/themes/dark_pause_menu_theme.tres' remapped 'res://ui/themes/dark_pause_menu_theme.tres' at thread -1
Loading resource: res://asset/ui/dark_menu/generated/main_frame.png remapped: res://asset/ui/dark_menu/generated/main_frame.png
Loading resource: res://.godot/imported/main_frame.png-8a86c42d3d8e3b1d99f115d68c6d5f4c.ctex remapped: res://.godot/imported/main_frame.png-8a86c42d3d8e3b1d99f115d68c6d5f4c.ctex
Completed load for: 'res://asset/ui/dark_menu/generated/main_frame.png' remapped 'res://asset/ui/dark_menu/generated/main_frame.png' at thread -1
Loading resource: res://asset/ui/dark_menu/generated/title_header.png remapped: res://asset/ui/dark_menu/generated/title_header.png
Loading resource: res://.godot/imported/title_header.png-38519adc17b2661a49ac08a5729b35e3.ctex remapped: res://.godot/imported/title_header.png-38519adc17b2661a49ac08a5729b35e3.ctex
Completed load for: 'res://asset/ui/dark_menu/generated/title_header.png' remapped 'res://asset/ui/dark_menu/generated/title_header.png' at thread -1
Loading resource: res://asset/ui/dark_menu/generated/close_button.png remapped: res://asset/ui/dark_menu/generated/close_button.png
Loading resource: res://.godot/imported/close_button.png-a8d749bc78e98b3fd89e0ebf51b7f3bb.ctex remapped: res://.godot/imported/close_button.png-a8d749bc78e98b3fd89e0ebf51b7f3bb.ctex
Completed load for: 'res://asset/ui/dark_menu/generated/close_button.png' remapped 'res://asset/ui/dark_menu/generated/close_button.png' at thread -1
Loading resource: res://asset/ui/dark_menu/generated/bottom_section.png remapped: res://asset/ui/dark_menu/generated/bottom_section.png
Loading resource: res://.godot/imported/bottom_section.png-58cc2cd32cdc99b7a0177a8646f93cc3.ctex remapped: res://.godot/imported/bottom_section.png-58cc2cd32cdc99b7a0177a8646f93cc3.ctex
Completed load for: 'res://asset/ui/dark_menu/generated/bottom_section.png' remapped 'res://asset/ui/dark_menu/generated/bottom_section.png' at thread -1
Loading resource: res://ui/components/dark_menu_button.tscn remapped: res://ui/components/dark_menu_button.tscn
Completed load for: 'res://ui/components/dark_menu_button.tscn' remapped 'res://ui/components/dark_menu_button.tscn' at thread -1
Completed load for: 'res://ui/menus/dark_pause_menu.tscn' remapped 'res://ui/menus/dark_pause_menu.tscn' at thread -1
Completed load for: 'res://ui/run/PersistentRunUI.tscn' remapped 'res://ui/run/PersistentRunUI.tscn' at thread -1
Completed load for: 'res://core/game_manager.gd' remapped 'res://core/game_manager.gd' at thread -1
Loading resource: res://core/audio_manager.gd remapped: res://core/audio_manager.gd
Completed load for: 'res://core/audio_manager.gd' remapped 'res://core/audio_manager.gd' at thread -1
Loading resource: res://core/vfx_manager.gd remapped: res://core/vfx_manager.gd
Completed load for: 'res://core/vfx_manager.gd' remapped 'res://core/vfx_manager.gd' at thread -1
[  66% ] first_scan_filesystem | Initialisation des extensions…
Loading resource: res://addons/gut/gut_plugin.gd remapped: res://addons/gut/gut_plugin.gd
Loading resource: res://addons/gut/gui/GutBottomPanel.tscn remapped: res://addons/gut/gui/GutBottomPanel.tscn
Loading resource: res://addons/gut/gui/GutBottomPanel.gd remapped: res://addons/gut/gui/GutBottomPanel.gd
Loading resource: res://addons/gut/GutScene.tscn remapped: res://addons/gut/GutScene.tscn
Loading resource: res://addons/gut/GutScene.gd remapped: res://addons/gut/GutScene.gd
Completed load for: 'res://addons/gut/GutScene.gd' remapped 'res://addons/gut/GutScene.gd' at thread -1
Loading resource: res://addons/gut/gui/NormalGui.tscn remapped: res://addons/gut/gui/NormalGui.tscn
Loading resource: res://addons/gut/gui/GutSceneTheme.tres remapped: res://addons/gut/gui/GutSceneTheme.tres
Loading resource: res://addons/gut/fonts/AnonymousPro-Regular.ttf remapped: res://addons/gut/fonts/AnonymousPro-Regular.ttf
Loading resource: res://.godot/imported/AnonymousPro-Regular.ttf-856c843fd6f89964d2ca8d8ff1724f13.fontdata remapped: res://.godot/imported/AnonymousPro-Regular.ttf-856c843fd6f89964d2ca8d8ff1724f13.fontdata
Completed load for: 'res://addons/gut/fonts/AnonymousPro-Regular.ttf' remapped 'res://addons/gut/fonts/AnonymousPro-Regular.ttf' at thread -1
Completed load for: 'res://addons/gut/gui/GutSceneTheme.tres' remapped 'res://addons/gut/gui/GutSceneTheme.tres' at thread -1
Loading resource: res://addons/gut/gui/gut_gui.gd remapped: res://addons/gut/gui/gut_gui.gd
Completed load for: 'res://addons/gut/gui/gut_gui.gd' remapped 'res://addons/gut/gui/gut_gui.gd' at thread -1
Loading resource: res://addons/gut/fonts/CourierPrime-Regular.ttf remapped: res://addons/gut/fonts/CourierPrime-Regular.ttf
Loading resource: res://.godot/imported/CourierPrime-Regular.ttf-3babe7e4a7a588dfc9a84c14b4f1fe23.fontdata remapped: res://.godot/imported/CourierPrime-Regular.ttf-3babe7e4a7a588dfc9a84c14b4f1fe23.fontdata
Completed load for: 'res://addons/gut/fonts/CourierPrime-Regular.ttf' remapped 'res://addons/gut/fonts/CourierPrime-Regular.ttf' at thread -1
Loading resource: res://addons/gut/gui/ResizeHandle.tscn remapped: res://addons/gut/gui/ResizeHandle.tscn
Loading resource: res://addons/gut/gui/ResizeHandle.gd remapped: res://addons/gut/gui/ResizeHandle.gd
Completed load for: 'res://addons/gut/gui/ResizeHandle.gd' remapped 'res://addons/gut/gui/ResizeHandle.gd' at thread -1
Completed load for: 'res://addons/gut/gui/ResizeHandle.tscn' remapped 'res://addons/gut/gui/ResizeHandle.tscn' at thread -1
Completed load for: 'res://addons/gut/gui/NormalGui.tscn' remapped 'res://addons/gut/gui/NormalGui.tscn' at thread -1
Loading resource: res://addons/gut/gui/MinGui.tscn remapped: res://addons/gut/gui/MinGui.tscn
Completed load for: 'res://addons/gut/gui/MinGui.tscn' remapped 'res://addons/gut/gui/MinGui.tscn' at thread -1
Completed load for: 'res://addons/gut/GutScene.tscn' remapped 'res://addons/gut/GutScene.tscn' at thread -1
Loading resource: res://addons/gut/lazy_loader.gd remapped: res://addons/gut/lazy_loader.gd
Loading resource: res://addons/gut/thing_counter.gd remapped: res://addons/gut/thing_counter.gd
Completed load for: 'res://addons/gut/thing_counter.gd' remapped 'res://addons/gut/thing_counter.gd' at thread -1
Loading resource: res://addons/gut/warnings_manager.gd remapped: res://addons/gut/warnings_manager.gd
Completed load for: 'res://addons/gut/warnings_manager.gd' remapped 'res://addons/gut/warnings_manager.gd' at thread -1
Completed load for: 'res://addons/gut/lazy_loader.gd' remapped 'res://addons/gut/lazy_loader.gd' at thread -1
Loading resource: res://addons/gut/version_numbers.gd remapped: res://addons/gut/version_numbers.gd
Completed load for: 'res://addons/gut/version_numbers.gd' remapped 'res://addons/gut/version_numbers.gd' at thread -1
Loading resource: res://addons/gut/gui/editor_globals.gd remapped: res://addons/gut/gui/editor_globals.gd
Loading resource: res://addons/gut/gui/gut_user_preferences.gd remapped: res://addons/gut/gui/gut_user_preferences.gd
Completed load for: 'res://addons/gut/gui/gut_user_preferences.gd' remapped 'res://addons/gut/gui/gut_user_preferences.gd' at thread -1
Completed load for: 'res://addons/gut/gui/editor_globals.gd' remapped 'res://addons/gut/gui/editor_globals.gd' at thread -1
Loading resource: res://addons/gut/gui/RunExternally.tscn remapped: res://addons/gut/gui/RunExternally.tscn
Loading resource: res://addons/gut/gui/RunExternally.gd remapped: res://addons/gut/gui/RunExternally.gd
Completed load for: 'res://addons/gut/gui/RunExternally.gd' remapped 'res://addons/gut/gui/RunExternally.gd' at thread -1
Completed load for: 'res://addons/gut/gui/RunExternally.tscn' remapped 'res://addons/gut/gui/RunExternally.tscn' at thread -1
Loading resource: res://addons/gut/gut_fonts.gd remapped: res://addons/gut/gut_fonts.gd
Completed load for: 'res://addons/gut/gut_fonts.gd' remapped 'res://addons/gut/gut_fonts.gd' at thread -1
Loading resource: res://addons/gut/strutils.gd remapped: res://addons/gut/strutils.gd
Completed load for: 'res://addons/gut/strutils.gd' remapped 'res://addons/gut/strutils.gd' at thread -1
Loading resource: res://addons/gut/inner_class_registry.gd remapped: res://addons/gut/inner_class_registry.gd
Completed load for: 'res://addons/gut/inner_class_registry.gd' remapped 'res://addons/gut/inner_class_registry.gd' at thread -1
Loading resource: res://addons/gut/dynamic_gdscript.gd remapped: res://addons/gut/dynamic_gdscript.gd
Completed load for: 'res://addons/gut/dynamic_gdscript.gd' remapped 'res://addons/gut/dynamic_gdscript.gd' at thread -1
Completed load for: 'res://addons/gut/gui/GutBottomPanel.gd' remapped 'res://addons/gut/gui/GutBottomPanel.gd' at thread -1
Loading resource: res://addons/gut/gui/RunAtCursor.tscn remapped: res://addons/gut/gui/RunAtCursor.tscn
Loading resource: res://addons/gut/gui/RunAtCursor.gd remapped: res://addons/gut/gui/RunAtCursor.gd
Completed load for: 'res://addons/gut/gui/RunAtCursor.gd' remapped 'res://addons/gut/gui/RunAtCursor.gd' at thread -1
Loading resource: res://addons/gut/gui/arrow.png remapped: res://addons/gut/gui/arrow.png
Loading resource: res://.godot/imported/arrow.png-2b5b2d838b5b3467cf300ac2da1630d9.ctex remapped: res://.godot/imported/arrow.png-2b5b2d838b5b3467cf300ac2da1630d9.ctex
Completed load for: 'res://addons/gut/gui/arrow.png' remapped 'res://addons/gut/gui/arrow.png' at thread -1
Completed load for: 'res://addons/gut/gui/RunAtCursor.tscn' remapped 'res://addons/gut/gui/RunAtCursor.tscn' at thread -1
Loading resource: res://addons/gut/gui/play.png remapped: res://addons/gut/gui/play.png
Loading resource: res://.godot/imported/play.png-5c90e88e8136487a183a099d67a7de24.ctex remapped: res://.godot/imported/play.png-5c90e88e8136487a183a099d67a7de24.ctex
Completed load for: 'res://addons/gut/gui/play.png' remapped 'res://addons/gut/gui/play.png' at thread -1
Loading resource: res://addons/gut/icon.png remapped: res://addons/gut/icon.png
Loading resource: res://.godot/imported/icon.png-91b084043b8aaf2f1c906e7b9fa92969.ctex remapped: res://.godot/imported/icon.png-91b084043b8aaf2f1c906e7b9fa92969.ctex
Completed load for: 'res://addons/gut/icon.png' remapped 'res://addons/gut/icon.png' at thread -1
Loading resource: res://addons/gut/gui/RunResults.tscn remapped: res://addons/gut/gui/RunResults.tscn
Loading resource: res://addons/gut/gui/RunResults.gd remapped: res://addons/gut/gui/RunResults.gd
Completed load for: 'res://addons/gut/gui/RunResults.gd' remapped 'res://addons/gut/gui/RunResults.gd' at thread -1
Loading resource: res://addons/gut/gui/ResultsTree.tscn remapped: res://addons/gut/gui/ResultsTree.tscn
Loading resource: res://addons/gut/gui/ResultsTree.gd remapped: res://addons/gut/gui/ResultsTree.gd
Completed load for: 'res://addons/gut/gui/ResultsTree.gd' remapped 'res://addons/gut/gui/ResultsTree.gd' at thread -1
Completed load for: 'res://addons/gut/gui/ResultsTree.tscn' remapped 'res://addons/gut/gui/ResultsTree.tscn' at thread -1
Completed load for: 'res://addons/gut/gui/RunResults.tscn' remapped 'res://addons/gut/gui/RunResults.tscn' at thread -1
Loading resource: res://addons/gut/images/HSplitContainer.svg remapped: res://addons/gut/images/HSplitContainer.svg
Loading resource: res://.godot/imported/HSplitContainer.svg-81e594d94ee80e4176e099672ef6025b.editor.ctex remapped: res://.godot/imported/HSplitContainer.svg-81e594d94ee80e4176e099672ef6025b.editor.ctex
Completed load for: 'res://addons/gut/images/HSplitContainer.svg' remapped 'res://addons/gut/images/HSplitContainer.svg' at thread -1
Loading resource: res://addons/gut/gui/OutputText.tscn remapped: res://addons/gut/gui/OutputText.tscn
Loading resource: res://addons/gut/gui/OutputText.gd remapped: res://addons/gut/gui/OutputText.gd
Completed load for: 'res://addons/gut/gui/OutputText.gd' remapped 'res://addons/gut/gui/OutputText.gd' at thread -1
Completed load for: 'res://addons/gut/gui/OutputText.tscn' remapped 'res://addons/gut/gui/OutputText.tscn' at thread -1
Loading resource: res://addons/gut/images/VSplitContainer.svg remapped: res://addons/gut/images/VSplitContainer.svg
Loading resource: res://.godot/imported/VSplitContainer.svg-6cec29fefa7e65d6ff7c2fdb9a1bb9ab.editor.ctex remapped: res://.godot/imported/VSplitContainer.svg-6cec29fefa7e65d6ff7c2fdb9a1bb9ab.editor.ctex
Completed load for: 'res://addons/gut/images/VSplitContainer.svg' remapped 'res://addons/gut/images/VSplitContainer.svg' at thread -1
Loading resource: res://addons/gut/gui/ShortcutDialog.tscn remapped: res://addons/gut/gui/ShortcutDialog.tscn
Loading resource: res://addons/gut/gui/ShortcutDialog.gd remapped: res://addons/gut/gui/ShortcutDialog.gd
Completed load for: 'res://addons/gut/gui/ShortcutDialog.gd' remapped 'res://addons/gut/gui/ShortcutDialog.gd' at thread -1
Loading resource: res://addons/gut/gui/ShortcutButton.tscn remapped: res://addons/gut/gui/ShortcutButton.tscn
Loading resource: res://addons/gut/gui/ShortcutButton.gd remapped: res://addons/gut/gui/ShortcutButton.gd
Completed load for: 'res://addons/gut/gui/ShortcutButton.gd' remapped 'res://addons/gut/gui/ShortcutButton.gd' at thread -1
Completed load for: 'res://addons/gut/gui/ShortcutButton.tscn' remapped 'res://addons/gut/gui/ShortcutButton.tscn' at thread -1
Completed load for: 'res://addons/gut/gui/ShortcutDialog.tscn' remapped 'res://addons/gut/gui/ShortcutDialog.tscn' at thread -1
Loading resource: res://addons/gut/gui/ShellOutOptions.tscn remapped: res://addons/gut/gui/ShellOutOptions.tscn
Loading resource: res://addons/gut/gui/ShellOutOptions.gd remapped: res://addons/gut/gui/ShellOutOptions.gd
Completed load for: 'res://addons/gut/gui/ShellOutOptions.gd' remapped 'res://addons/gut/gui/ShellOutOptions.gd' at thread -1
Completed load for: 'res://addons/gut/gui/ShellOutOptions.tscn' remapped 'res://addons/gut/gui/ShellOutOptions.tscn' at thread -1
Completed load for: 'res://addons/gut/gui/GutBottomPanel.tscn' remapped 'res://addons/gut/gui/GutBottomPanel.tscn' at thread -1
Completed load for: 'res://addons/gut/gut_plugin.gd' remapped 'res://addons/gut/gut_plugin.gd' at thread -1
Loading resource: res://addons/meshy-godot-plugin/meshy_plugin.gd remapped: res://addons/meshy-godot-plugin/meshy_plugin.gd
Loading resource: res://addons/meshy-godot-plugin/main_panel.tscn remapped: res://addons/meshy-godot-plugin/main_panel.tscn
Loading resource: res://addons/meshy-godot-plugin/main_scripts.gd remapped: res://addons/meshy-godot-plugin/main_scripts.gd
Completed load for: 'res://addons/meshy-godot-plugin/main_scripts.gd' remapped 'res://addons/meshy-godot-plugin/main_scripts.gd' at thread -1
Completed load for: 'res://addons/meshy-godot-plugin/main_panel.tscn' remapped 'res://addons/meshy-godot-plugin/main_panel.tscn' at thread -1
Loading resource: res://addons/meshy-godot-plugin/Meshy_Icon_36.png remapped: res://addons/meshy-godot-plugin/Meshy_Icon_36.png
Loading resource: res://.godot/imported/Meshy_Icon_36.png-45bf9fe5e79948bd21fa2b9d42bb6f48.ctex remapped: res://.godot/imported/Meshy_Icon_36.png-45bf9fe5e79948bd21fa2b9d42bb6f48.ctex
Completed load for: 'res://addons/meshy-godot-plugin/Meshy_Icon_36.png' remapped 'res://addons/meshy-godot-plugin/Meshy_Icon_36.png' at thread -1
Completed load for: 'res://addons/meshy-godot-plugin/meshy_plugin.gd' remapped 'res://addons/meshy-godot-plugin/meshy_plugin.gd' at thread -1
[  83% ] first_scan_filesystem | Démarrage du scan de fichiers…
[ DONE ] first_scan_filesystem

[   0% ] loading_editor_layout | Started Chargement de l’éditeur (5 steps)
[   0% ] loading_editor_layout | Chargement de la disposition de l’éditeur…
[  16% ] loading_editor_layout | Chargement des docks…
[  33% ] loading_editor_layout | Réouverture des scènes…
[  50% ] loading_editor_layout | Chargement de la disposition de l’éditeur central…
[  66% ] loading_editor_layout | Chargement de la disposition de la fenêtre des plugins…
Loading resource: res://battle/battle.gd remapped: res://battle/battle.gd
Loading resource: res://battle/unit_view.tscn remapped: res://battle/unit_view.tscn
Loading resource: res://battle/unit_view.gd remapped: res://battle/unit_view.gd
Completed load for: 'res://battle/unit_view.gd' remapped 'res://battle/unit_view.gd' at thread -1
Completed load for: 'res://battle/unit_view.tscn' remapped 'res://battle/unit_view.tscn' at thread -1
Completed load for: 'res://battle/battle.gd' remapped 'res://battle/battle.gd' at thread -1
Loading resource: res://characters/elf/elf_iso_unit_view.gd remapped: res://characters/elf/elf_iso_unit_view.gd
Loading resource: res://asset/sorts/elfe_arc_magique/elf_magic_bow_charge.tscn remapped: res://asset/sorts/elfe_arc_magique/elf_magic_bow_charge.tscn
Loading resource: res://asset/sorts/elfe_arc_magique/Meshy_AI_14c3045b0900c06574f6024efd69c66673616be737a9e7d89fb95c8a4c3b20e9.png remapped: res://asset/sorts/elfe_arc_magique/Meshy_AI_14c3045b0900c06574f6024efd69c66673616be737a9e7d89fb95c8a4c3b20e9.png
Loading resource: res://.godot/imported/Meshy_AI_14c3045b0900c06574f6024efd69c66673616be737a9e7d89fb95c8a4c3b20e9.png-36f67f38bba6be80cf75371e68d64409.ctex remapped: res://.godot/imported/Meshy_AI_14c3045b0900c06574f6024efd69c66673616be737a9e7d89fb95c8a4c3b20e9.png-36f67f38bba6be80cf75371e68d64409.ctex
Completed load for: 'res://asset/sorts/elfe_arc_magique/Meshy_AI_14c3045b0900c06574f6024efd69c66673616be737a9e7d89fb95c8a4c3b20e9.png' remapped 'res://asset/sorts/elfe_arc_magique/Meshy_AI_14c3045b0900c06574f6024efd69c66673616be737a9e7d89fb95c8a4c3b20e9.png' at thread -1
Loading resource: res://asset/sorts/elfe_arc_magique/elf_magic_bow_charge.gd remapped: res://asset/sorts/elfe_arc_magique/elf_magic_bow_charge.gd
Completed load for: 'res://asset/sorts/elfe_arc_magique/elf_magic_bow_charge.gd' remapped 'res://asset/sorts/elfe_arc_magique/elf_magic_bow_charge.gd' at thread -1
Completed load for: 'res://asset/sorts/elfe_arc_magique/elf_magic_bow_charge.tscn' remapped 'res://asset/sorts/elfe_arc_magique/elf_magic_bow_charge.tscn' at thread -1
Loading resource: res://assets/characters/elf/animations/elf_bow_shot_animation.tres remapped: res://assets/characters/elf/animations/elf_bow_shot_animation.tres
Completed load for: 'res://assets/characters/elf/animations/elf_bow_shot_animation.tres' remapped 'res://assets/characters/elf/animations/elf_bow_shot_animation.tres' at thread -1
Completed load for: 'res://characters/elf/elf_iso_unit_view.gd' remapped 'res://characters/elf/elf_iso_unit_view.gd' at thread -1
Loading resource: res://asset/sorts/elfe_arc_magique/elf_magic_arrow_impact.gd remapped: res://asset/sorts/elfe_arc_magique/elf_magic_arrow_impact.gd
Completed load for: 'res://asset/sorts/elfe_arc_magique/elf_magic_arrow_impact.gd' remapped 'res://asset/sorts/elfe_arc_magique/elf_magic_arrow_impact.gd' at thread -1
Loading resource: res://asset/sorts/elfe_arc_magique/elf_magic_arrow_projectile.gd remapped: res://asset/sorts/elfe_arc_magique/elf_magic_arrow_projectile.gd
Completed load for: 'res://asset/sorts/elfe_arc_magique/elf_magic_arrow_projectile.gd' remapped 'res://asset/sorts/elfe_arc_magique/elf_magic_arrow_projectile.gd' at thread -1
[  83% ] loading_editor_layout | Disposition de l’éditeur prête.
[ DONE ] loading_editor_layout

Unloading addon: res://addons/gut/plugin.cfg
Unloading addon: res://addons/meshy-godot-plugin/plugin.cfg
Script docs haven't been properly loaded or regenerated, so don't save them to disk.
EditorSettings: Save OK!
