Godot Engine v4.7.1.stable.official.a13da4feb - https://godotengine.org
TextServer: Added interface "Dummy"
TextServer: Added interface "ICU / HarfBuzz / Graphite (Built-in)"
Accessibility: AccessKit driver loaded.
Native OpenGL API detected: 3.3: NVIDIA - NVIDIA GeForce RTX 4070 Laptop GPU
NVAPI: Init OK!
NVAPI: Profile not found, creating...
NVAPI: Application not found in profile, creating...
NVAPI: Error creating application: NVAPI_EXECUTABLE_ALREADY_IN_USE(code -167)
Accessibility: window 0 adapter created.
SDL: Init OK!
Using "winink" pen tablet driver...
Shader 'CanvasSdfShaderGLES3' SHA256: eb09891a51e8389c02aa47bf609b3e02c90eddaad7f6731abe5a9c29b1671d6c
Shader 'SkeletonShaderGLES3' SHA256: 47d5b7174dcac2517826468856030543c9ce87c8eb85a2ab47a3064ee6de65f2
Shader 'ParticlesShaderGLES3' SHA256: 77df34cc738924c95ac656c7d469aca33980a34a5dbbba752dcc721c5441d4d2
Shader 'ParticlesCopyShaderGLES3' SHA256: 6df46d59896c571e714fbe60eab059f3c9154d983dca378d40b5d2ade15bd394
Shader 'CopyShaderGLES3' SHA256: d284dc5d5ac7674e35dfbae462837dd601c7cc7fa3e20b3a176744ecc61a131a
Shader 'CubemapFilterShaderGLES3' SHA256: d0a07c5cca7ae73966cb2fa2e24aafdf5e3123a37fc12814ebfd0ebf3e3bb158
Shader 'GlowShaderGLES3' SHA256: d72916d925176ce849bffb22e48c3ee82bc557cc8adfd681fd885b7b127753fc
Shader 'PostShaderGLES3' SHA256: c73fbdebac2a876f8183450a9cb75248391a3e3d8c8de74db3ce8e692e076791
Shader 'FeedShaderGLES3' SHA256: 54e111b48f201e72c9738f2d8ca1b16720dbab2bfe8ce5f919d05ee312d1a9c0
Shader 'CanvasShaderGLES3' SHA256: 08e1f45a9911314e53d919657307abc4d0316e180498cc98d0ede2ec89c8ee9a
Shader 'CanvasOcclusionShaderGLES3' SHA256: 23e33cbd64ea80e40eccc66ec9afb0d8968106b7ad263c2641d0260aad356113
Shader 'SceneShaderGLES3' SHA256: 1ef07672fa1fa9403f64f0d9130d59bca18d2dbad4fea906bee79e4d1351178f
Shader 'SkyShaderGLES3' SHA256: 54461e02781b9e4e4fbbf037a6b0d4f296d5b30c6898158b37cea91f5e8ab5cf
Shader 'TexBlitShaderGLES3' SHA256: d70e21e3fc6025887724055d29a872945ac54024e34026377721ae7ea510c0b4
OpenGL API 3.3.0 NVIDIA 595.97 - Compatibility - Using Device: NVIDIA - NVIDIA GeForce RTX 4070 Laptop GPU

TextServer: Primary interface set to: "ICU / HarfBuzz / Graphite (Built-in)".
Loading resource: res://default_bus_layout.tres remapped: res://default_bus_layout.tres
Completed load for: 'res://default_bus_layout.tres' remapped 'res://default_bus_layout.tres' at thread -1
CORE API HASH: 3769296884
EDITOR API HASH: 3146738256
SceneTreeFTI: traversal method DEFAULT
Loading resource: C:/Users/paolo/AppData/Roaming/Godot/editor_settings-4.7.tres remapped: C:/Users/paolo/AppData/Roaming/Godot/editor_settings-4.7.tres
Completed load for: 'C:/Users/paolo/AppData/Roaming/Godot/editor_settings-4.7.tres' remapped 'C:/Users/paolo/AppData/Roaming/Godot/editor_settings-4.7.tres' at thread -1
EditorSettings: Load OK!
EditorTheme: Generating new theme for the config '2424066630'.
EditorTheme: Generating new icons.
EditorTheme: Generating new fonts.
EditorTheme: Generating new styles.
MbedTLS: Some X509 certificates could not be parsed (1 certificates skipped).
Loaded system CA certificates
Accessibility: window 0 adapter activated.
Accessibility: window 0 adapter initial update completed.
EditorSettings: Save OK!
